// Jest Snapshot v1, https://goo.gl/fbAQLP

exports[`Test para CounterApp.js Debe de mostrar Counterapp correctamente 1`] = `
<Fragment>
  <h1>
    CounterApp
  </h1>
  <h2>
    10
  </h2>
  <button
    onClick={[Function]}
  >
     +1 
  </button>
  <button
    onClick={[Function]}
  >
    Reset
  </button>
  <button
    onClick={[Function]}
  >
    -1
  </button>
</Fragment>
`;
